******************************************************************************
                  TI ARM Linker PC v20.2.7                     
******************************************************************************
>> Linked Fri Jul 19 00:06:46 2024

OUTPUT FILE NAME:   <1DOF_Final_Project.out>
ENTRY POINT SYMBOL: "_c_int00_noargs"  address: 00000cd5


MEMORY CONFIGURATION

         name            origin    length      used     unused   attr    fill
----------------------  --------  ---------  --------  --------  ----  --------
  FLASH                 00000000   00040000  00000d62  0003f29e  R  X
  SRAM                  20000000   00008000  00000208  00007df8  RW X


SEGMENT ALLOCATION MAP

run origin  load origin   length   init length attrs members
----------  ----------- ---------- ----------- ----- -------
00000000    00000000    00000d68   00000d68    r-x
  00000000    00000000    0000026c   0000026c    r-- .intvecs
  0000026c    0000026c    00000ade   00000ade    r-x .text
  00000d50    00000d50    00000018   00000018    r-- .cinit
20000000    20000000    00000208   00000000    rw-
  20000000    20000000    00000200   00000000    rw- .stack
  20000200    20000200    00000008   00000000    rw- .data


SECTION ALLOCATION MAP

 output                                  attributes/
section   page    origin      length       input sections
--------  ----  ----------  ----------   ----------------
.intvecs   0    00000000    0000026c     
                  00000000    0000026c     tm4c123gh6pm_startup_ccs.obj (.intvecs)

.text      0    0000026c    00000ade     
                  0000026c    000001b4     motor_speed_set.obj (.text)
                  00000420    0000017c     ctrl_loop.obj (.text)
                  0000059c    00000136     rtsv7M4_T_le_v4SPD16_eabi.lib : fd_div_t2.asm.obj (.text)
                  000006d2    00000002     --HOLE-- [fill = 0]
                  000006d4    0000011c     encoder_reading.obj (.text)
                  000007f0    000000fc     rtsv7M4_T_le_v4SPD16_eabi.lib : fd_mul_t2.asm.obj (.text)
                  000008ec    000000f4     pot_reading.obj (.text)
                  000009e0    0000009c     rtsv7M4_T_le_v4SPD16_eabi.lib : memcpy_t2.asm.obj (.text)
                  00000a7c    0000008c     main.obj (.text)
                  00000b08    00000078     PLL_Init.obj (.text)
                  00000b80    0000006e     rtsv7M4_T_le_v4SPD16_eabi.lib : fd_tos_t2.asm.obj (.text)
                  00000bee    00000068                                   : copy_decompress_lzss.c.obj (.text:decompress:lzss:__TI_decompress_lzss)
                  00000c56    00000002     --HOLE-- [fill = 0]
                  00000c58    00000044                                   : autoinit.c.obj (.text:__TI_auto_init_nobinit_nopinit:__TI_auto_init_nobinit_nopinit)
                  00000c9c    00000038                                   : fs_tod_t2.asm.obj (.text)
                  00000cd4    00000034                                   : boot_cortex_m.c.obj (.text:_c_int00_noargs:_c_int00_noargs)
                  00000d08    00000020                                   : u_tofd_t2.asm.obj (.text)
                  00000d28    0000000e                                   : copy_decompress_none.c.obj (.text:decompress:none:__TI_decompress_none)
                  00000d36    0000000c     tm4c123gh6pm_startup_ccs.obj (.text)
                  00000d42    00000004     rtsv7M4_T_le_v4SPD16_eabi.lib : pre_init.c.obj (.text:_system_pre_init)
                  00000d46    00000004                                   : exit.c.obj (.text:abort:abort)

.cinit     0    00000d50    00000018     
                  00000d50    00000008     (__TI_handler_table)
                  00000d58    00000007     (.cinit..data.load) [load image, compression = lzss]
                  00000d5f    00000001     --HOLE-- [fill = 0]
                  00000d60    00000008     (__TI_cinit_table)

.init_array 
*          0    00000000    00000000     UNINITIALIZED

.data      0    20000200    00000008     UNINITIALIZED
                  20000200    00000008     ctrl_loop.obj (.data)

.stack     0    20000000    00000200     UNINITIALIZED
                  20000000    00000004     rtsv7M4_T_le_v4SPD16_eabi.lib : boot_cortex_m.c.obj (.stack)
                  20000004    000001fc     --HOLE--

__llvm_prf_cnts 
*          0    20000000    00000000     UNINITIALIZED

MODULE SUMMARY

       Module                         code   ro data   rw data
       ------                         ----   -------   -------
    .\
       tm4c123gh6pm_startup_ccs.obj   12     620       0      
       main.obj                       140    0         0      
    +--+------------------------------+------+---------+---------+
       Total:                         152    620       0      
                                                              
    .\modules\
       motor_speed_set.obj            436    0         0      
       ctrl_loop.obj                  380    0         8      
       encoder_reading.obj            284    0         0      
       pot_reading.obj                244    0         0      
       PLL_Init.obj                   120    0         0      
    +--+------------------------------+------+---------+---------+
       Total:                         1464   0         8      
                                                              
    C:\ti\ccs1271\ccs\tools\compiler\ti-cgt-arm_20.2.7.LTS\lib\rtsv7M4_T_le_v4SPD16_eabi.lib
       fd_div_t2.asm.obj              310    0         0      
       fd_mul_t2.asm.obj              252    0         0      
       memcpy_t2.asm.obj              156    0         0      
       fd_tos_t2.asm.obj              110    0         0      
       copy_decompress_lzss.c.obj     104    0         0      
       autoinit.c.obj                 68     0         0      
       fs_tod_t2.asm.obj              56     0         0      
       boot_cortex_m.c.obj            52     0         0      
       u_tofd_t2.asm.obj              32     0         0      
       copy_decompress_none.c.obj     14     0         0      
       exit.c.obj                     4      0         0      
       pre_init.c.obj                 4      0         0      
    +--+------------------------------+------+---------+---------+
       Total:                         1162   0         0      
                                                              
       Stack:                         0      0         512    
       Linker Generated:              0      23        0      
    +--+------------------------------+------+---------+---------+
       Grand Total:                   2778   643       520    


LINKER GENERATED COPY TABLES

__TI_cinit_table @ 00000d60 records: 1, size/record: 8, table size: 8
	.data: load addr=00000d58, load size=00000007 bytes, run addr=20000200, run size=00000008 bytes, compression=lzss


LINKER GENERATED HANDLER TABLE

__TI_handler_table @ 00000d50 records: 2, size/record: 4, table size: 8
	index: 0, handler: __TI_decompress_lzss
	index: 1, handler: __TI_decompress_none


GLOBAL SYMBOLS: SORTED ALPHABETICALLY BY Name 

address   name                          
-------   ----                          
000008ed  ADC0_Init                     
00000d47  C$$EXIT                       
00000ab1  GPIOF_Init                    
0000050d  PID_control                   
00000b09  PLL_Init                      
00000321  PWM_Init                      
00000783  QEI1_GetMotorPosition         
000006d5  QEI1_Init                     
00000d37  ResetISR                      
20000200  __STACK_END                   
00000200  __STACK_SIZE                  
20000200  __STACK_TOP                   
00000d60  __TI_CINIT_Base               
00000d68  __TI_CINIT_Limit              
00000d50  __TI_Handler_Table_Base       
00000d58  __TI_Handler_Table_Limit      
00000c59  __TI_auto_init_nobinit_nopinit
00000bef  __TI_decompress_lzss          
00000d29  __TI_decompress_none          
ffffffff  __TI_pprof_out_hndl           
ffffffff  __TI_prof_data_size           
ffffffff  __TI_prof_data_start          
00000000  __TI_static_base__            
00000b81  __aeabi_d2f                   
0000059d  __aeabi_ddiv                  
000007f1  __aeabi_dmul                  
00000c9d  __aeabi_f2d                   
000009e1  __aeabi_memcpy                
000009e1  __aeabi_memcpy4               
000009e1  __aeabi_memcpy8               
00000d09  __aeabi_ui2d                  
ffffffff  __binit__                     
ffffffff  __c_args__                    
UNDEFED   __mpu_init                    
20000000  __stack                       
20000000  __start___llvm_prf_cnts       
20000000  __stop___llvm_prf_cnts        
00000cd5  _c_int00_noargs               
UNDEFED   _system_post_cinit            
00000d43  _system_pre_init              
00000d47  abort                         
ffffffff  binit                         
00000421  ctrl_loop                     
00000000  g_pfnVectors                  
0000026d  gen_PWM                       
00000a7d  main                          
000009e1  memcpy                        
00000961  pot_read                      
00000929  sample_sequencer_init         


GLOBAL SYMBOLS: SORTED BY Symbol Address 

address   name                          
-------   ----                          
00000000  __TI_static_base__            
00000000  g_pfnVectors                  
00000200  __STACK_SIZE                  
0000026d  gen_PWM                       
00000321  PWM_Init                      
00000421  ctrl_loop                     
0000050d  PID_control                   
0000059d  __aeabi_ddiv                  
000006d5  QEI1_Init                     
00000783  QEI1_GetMotorPosition         
000007f1  __aeabi_dmul                  
000008ed  ADC0_Init                     
00000929  sample_sequencer_init         
00000961  pot_read                      
000009e1  __aeabi_memcpy                
000009e1  __aeabi_memcpy4               
000009e1  __aeabi_memcpy8               
000009e1  memcpy                        
00000a7d  main                          
00000ab1  GPIOF_Init                    
00000b09  PLL_Init                      
00000b81  __aeabi_d2f                   
00000bef  __TI_decompress_lzss          
00000c59  __TI_auto_init_nobinit_nopinit
00000c9d  __aeabi_f2d                   
00000cd5  _c_int00_noargs               
00000d09  __aeabi_ui2d                  
00000d29  __TI_decompress_none          
00000d37  ResetISR                      
00000d43  _system_pre_init              
00000d47  C$$EXIT                       
00000d47  abort                         
00000d50  __TI_Handler_Table_Base       
00000d58  __TI_Handler_Table_Limit      
00000d60  __TI_CINIT_Base               
00000d68  __TI_CINIT_Limit              
20000000  __stack                       
20000000  __start___llvm_prf_cnts       
20000000  __stop___llvm_prf_cnts        
20000200  __STACK_END                   
20000200  __STACK_TOP                   
ffffffff  __TI_pprof_out_hndl           
ffffffff  __TI_prof_data_size           
ffffffff  __TI_prof_data_start          
ffffffff  __binit__                     
ffffffff  __c_args__                    
ffffffff  binit                         
UNDEFED   __mpu_init                    
UNDEFED   _system_post_cinit            

[49 symbols]
