******************************************************************************
                  TI ARM Linker PC v20.2.7                     
******************************************************************************
>> Linked Fri Jul 26 07:36:36 2024

OUTPUT FILE NAME:   <1DOF_Final_Project.out>
ENTRY POINT SYMBOL: "_c_int00_noargs"  address: 00000c29


MEMORY CONFIGURATION

         name            origin    length      used     unused   attr    fill
----------------------  --------  ---------  --------  --------  ----  --------
  FLASH                 00000000   00040000  00000cb6  0003f34a  R  X
  SRAM                  20000000   00008000  00000208  00007df8  RW X


SEGMENT ALLOCATION MAP

run origin  load origin   length   init length attrs members
----------  ----------- ---------- ----------- ----- -------
00000000    00000000    00000cb8   00000cb8    r-x
  00000000    00000000    0000026c   0000026c    r-- .intvecs
  0000026c    0000026c    00000a32   00000a32    r-x .text
  00000ca0    00000ca0    00000018   00000018    r-- .cinit
20000000    20000000    00000208   00000000    rw-
  20000000    20000000    00000200   00000000    rw- .stack
  20000200    20000200    00000008   00000000    rw- .data


SECTION ALLOCATION MAP

 output                                  attributes/
section   page    origin      length       input sections
--------  ----  ----------  ----------   ----------------
.intvecs   0    00000000    0000026c     
                  00000000    0000026c     tm4c123gh6pm_startup_ccs.obj (.intvecs)

.text      0    0000026c    00000a32     
                  0000026c    000001a8     ctrl_loop.obj (.text)
                  00000414    00000168     motor_speed_set.obj (.text)
                  0000057c    00000136     rtsv7M4_T_le_v4SPD16_eabi.lib : fd_div_t2.asm.obj (.text)
                  000006b2    00000002     --HOLE-- [fill = 0]
                  000006b4    00000128     encoder_reading.obj (.text)
                  000007dc    000000f4     pot_reading.obj (.text)
                  000008d0    000000ac     main.obj (.text)
                  0000097c    0000009c     rtsv7M4_T_le_v4SPD16_eabi.lib : memcpy_t2.asm.obj (.text)
                  00000a18    0000007c     toggle_em.obj (.text)
                  00000a94    00000078     PLL_Init.obj (.text)
                  00000b0c    0000006e     rtsv7M4_T_le_v4SPD16_eabi.lib : fd_tos_t2.asm.obj (.text)
                  00000b7a    00000068                                   : copy_decompress_lzss.c.obj (.text:decompress:lzss:__TI_decompress_lzss)
                  00000be2    00000002     --HOLE-- [fill = 0]
                  00000be4    00000044                                   : autoinit.c.obj (.text:__TI_auto_init_nobinit_nopinit:__TI_auto_init_nobinit_nopinit)
                  00000c28    00000034                                   : boot_cortex_m.c.obj (.text:_c_int00_noargs:_c_int00_noargs)
                  00000c5c    00000020                                   : u_tofd_t2.asm.obj (.text)
                  00000c7c    0000000e                                   : copy_decompress_none.c.obj (.text:decompress:none:__TI_decompress_none)
                  00000c8a    0000000c     tm4c123gh6pm_startup_ccs.obj (.text)
                  00000c96    00000004     rtsv7M4_T_le_v4SPD16_eabi.lib : pre_init.c.obj (.text:_system_pre_init)
                  00000c9a    00000004                                   : exit.c.obj (.text:abort:abort)

.cinit     0    00000ca0    00000018     
                  00000ca0    00000008     (__TI_handler_table)
                  00000ca8    00000007     (.cinit..data.load) [load image, compression = lzss]
                  00000caf    00000001     --HOLE-- [fill = 0]
                  00000cb0    00000008     (__TI_cinit_table)

.init_array 
*          0    00000000    00000000     UNINITIALIZED

.data      0    20000200    00000008     UNINITIALIZED
                  20000200    00000008     ctrl_loop.obj (.data)

.stack     0    20000000    00000200     UNINITIALIZED
                  20000000    00000004     rtsv7M4_T_le_v4SPD16_eabi.lib : boot_cortex_m.c.obj (.stack)
                  20000004    000001fc     --HOLE--

__llvm_prf_cnts 
*          0    20000000    00000000     UNINITIALIZED

MODULE SUMMARY

       Module                         code   ro data   rw data
       ------                         ----   -------   -------
    .\
       tm4c123gh6pm_startup_ccs.obj   12     620       0      
       main.obj                       172    0         0      
    +--+------------------------------+------+---------+---------+
       Total:                         184    620       0      
                                                              
    .\modules\
       ctrl_loop.obj                  424    0         8      
       motor_speed_set.obj            360    0         0      
       encoder_reading.obj            296    0         0      
       pot_reading.obj                244    0         0      
       toggle_em.obj                  124    0         0      
       PLL_Init.obj                   120    0         0      
    +--+------------------------------+------+---------+---------+
       Total:                         1568   0         8      
                                                              
    C:\ti\ccs1271\ccs\tools\compiler\ti-cgt-arm_20.2.7.LTS\lib\rtsv7M4_T_le_v4SPD16_eabi.lib
       fd_div_t2.asm.obj              310    0         0      
       memcpy_t2.asm.obj              156    0         0      
       fd_tos_t2.asm.obj              110    0         0      
       copy_decompress_lzss.c.obj     104    0         0      
       autoinit.c.obj                 68     0         0      
       boot_cortex_m.c.obj            52     0         0      
       u_tofd_t2.asm.obj              32     0         0      
       copy_decompress_none.c.obj     14     0         0      
       exit.c.obj                     4      0         0      
       pre_init.c.obj                 4      0         0      
    +--+------------------------------+------+---------+---------+
       Total:                         854    0         0      
                                                              
       Stack:                         0      0         512    
       Linker Generated:              0      23        0      
    +--+------------------------------+------+---------+---------+
       Grand Total:                   2606   643       520    


LINKER GENERATED COPY TABLES

__TI_cinit_table @ 00000cb0 records: 1, size/record: 8, table size: 8
	.data: load addr=00000ca8, load size=00000007 bytes, run addr=20000200, run size=00000008 bytes, compression=lzss


LINKER GENERATED HANDLER TABLE

__TI_handler_table @ 00000ca0 records: 2, size/record: 4, table size: 8
	index: 0, handler: __TI_decompress_lzss
	index: 1, handler: __TI_decompress_none


GLOBAL SYMBOLS: SORTED ALPHABETICALLY BY Name 

address   name                          
-------   ----                          
000007dd  ADC0_Init                     
00000c9b  C$$EXIT                       
00000a51  ElectromagnetControl          
00000a19  ElectromagnetInit             
0000091f  GPIOF_Init                    
0000034d  PID_control                   
00000a95  PLL_Init                      
0000047d  PWM_Init                      
0000076d  QEI1_GetMotorPosition         
000006b5  QEI1_Init                     
00000c8b  ResetISR                      
000003c1  SysTickInit                   
20000200  __STACK_END                   
00000200  __STACK_SIZE                  
20000200  __STACK_TOP                   
00000cb0  __TI_CINIT_Base               
00000cb8  __TI_CINIT_Limit              
00000ca0  __TI_Handler_Table_Base       
00000ca8  __TI_Handler_Table_Limit      
00000be5  __TI_auto_init_nobinit_nopinit
00000b7b  __TI_decompress_lzss          
00000c7d  __TI_decompress_none          
ffffffff  __TI_pprof_out_hndl           
ffffffff  __TI_prof_data_size           
ffffffff  __TI_prof_data_start          
00000000  __TI_static_base__            
00000b0d  __aeabi_d2f                   
0000057d  __aeabi_ddiv                  
0000097d  __aeabi_memcpy                
0000097d  __aeabi_memcpy4               
0000097d  __aeabi_memcpy8               
00000c5d  __aeabi_ui2d                  
ffffffff  __binit__                     
ffffffff  __c_args__                    
UNDEFED   __mpu_init                    
20000000  __stack                       
20000000  __start___llvm_prf_cnts       
20000000  __stop___llvm_prf_cnts        
00000c29  _c_int00_noargs               
UNDEFED   _system_post_cinit            
00000c97  _system_pre_init              
00000c9b  abort                         
ffffffff  binit                         
0000026d  ctrl_loop                     
00000000  g_pfnVectors                  
00000415  gen_PWM                       
000008d1  main                          
0000097d  memcpy                        
00000851  pot_read                      
00000819  sample_sequencer_init         


GLOBAL SYMBOLS: SORTED BY Symbol Address 

address   name                          
-------   ----                          
00000000  __TI_static_base__            
00000000  g_pfnVectors                  
00000200  __STACK_SIZE                  
0000026d  ctrl_loop                     
0000034d  PID_control                   
000003c1  SysTickInit                   
00000415  gen_PWM                       
0000047d  PWM_Init                      
0000057d  __aeabi_ddiv                  
000006b5  QEI1_Init                     
0000076d  QEI1_GetMotorPosition         
000007dd  ADC0_Init                     
00000819  sample_sequencer_init         
00000851  pot_read                      
000008d1  main                          
0000091f  GPIOF_Init                    
0000097d  __aeabi_memcpy                
0000097d  __aeabi_memcpy4               
0000097d  __aeabi_memcpy8               
0000097d  memcpy                        
00000a19  ElectromagnetInit             
00000a51  ElectromagnetControl          
00000a95  PLL_Init                      
00000b0d  __aeabi_d2f                   
00000b7b  __TI_decompress_lzss          
00000be5  __TI_auto_init_nobinit_nopinit
00000c29  _c_int00_noargs               
00000c5d  __aeabi_ui2d                  
00000c7d  __TI_decompress_none          
00000c8b  ResetISR                      
00000c97  _system_pre_init              
00000c9b  C$$EXIT                       
00000c9b  abort                         
00000ca0  __TI_Handler_Table_Base       
00000ca8  __TI_Handler_Table_Limit      
00000cb0  __TI_CINIT_Base               
00000cb8  __TI_CINIT_Limit              
20000000  __stack                       
20000000  __start___llvm_prf_cnts       
20000000  __stop___llvm_prf_cnts        
20000200  __STACK_END                   
20000200  __STACK_TOP                   
ffffffff  __TI_pprof_out_hndl           
ffffffff  __TI_prof_data_size           
ffffffff  __TI_prof_data_start          
ffffffff  __binit__                     
ffffffff  __c_args__                    
ffffffff  binit                         
UNDEFED   __mpu_init                    
UNDEFED   _system_post_cinit            

[50 symbols]
